# OTHER
DOMAIN-SUFFIX,2ip.ua
DOMAIN-SUFFIX,myip.com
DOMAIN-SUFFIX,onlinesim.io
DOMAIN-SUFFIX,adguard.com
DOMAIN-SUFFIX,habr.com
DOMAIN-SUFFIX,kemono.party
DOMAIN-SUFFIX,kemono.cc
DOMAIN-SUFFIX,kemono.su
DOMAIN-SUFFIX,forum.overclockers.ua
DOMAIN-SUFFIX,ntc.party
DOMAIN-SUFFIX,proton.me
DOMAIN-SUFFIX,speeddial2.com
DOMAIN-SUFFIX,overclockers.ru

# telegram
DOMAIN-SUFFIX,cdn-telegram.org
DOMAIN-SUFFIX,comments.app
DOMAIN-SUFFIX,contest.com
DOMAIN-SUFFIX,fragment.com
DOMAIN-SUFFIX,graph.org
DOMAIN-SUFFIX,quiz.directory
DOMAIN-SUFFIX,t.me
DOMAIN-SUFFIX,tdesktop.com
DOMAIN-SUFFIX,telega.one
DOMAIN-SUFFIX,telegra.ph
DOMAIN-SUFFIX,telegram-cdn.org
DOMAIN-SUFFIX,telegram.dog
DOMAIN-SUFFIX,telegram.me
DOMAIN-SUFFIX,telegram.org
DOMAIN-SUFFIX,telegram.space
DOMAIN-SUFFIX,telesco.pe
DOMAIN-SUFFIX,tg.dev
DOMAIN-SUFFIX,tx.me
DOMAIN-SUFFIX,usercontent.dev

# OpenAI - chatgpt
DOMAIN-SUFFIX,openai.com
DOMAIN-SUFFIX,chat.openai.com
DOMAIN-SUFFIX,chatgpt.com
DOMAIN-SUFFIX,oaistatic.com
DOMAIN-SUFFIX,cdn.oaistatic.com
DOMAIN-SUFFIX,oaiusercontent.com
DOMAIN-SUFFIX,platform.openai.com
DOMAIN-SUFFIX,ios.chat.openai.com

# Nvidia
DOMAIN-SUFFIX,geforcenow.com
DOMAIN-SUFFIX,gfn.am

# VPN service
DOMAIN-SUFFIX,vpnlove.me
DOMAIN-SUFFIX,redshieldvpn.com
DOMAIN-SUFFIX,psiphon.ca
DOMAIN-SUFFIX,vpngate.net
DOMAIN-SUFFIX,mullvad.net
DOMAIN-SUFFIX,censortracker.org
DOMAIN-SUFFIX,prostovpn.org
DOMAIN-SUFFIX,vpngen.org
DOMAIN-SUFFIX,amnezia.org
DOMAIN-SUFFIX,cyberghostvpn.com
DOMAIN-SUFFIX,getoutline.org
DOMAIN-SUFFIX,vpnpay.io
DOMAIN-SUFFIX,protonvpn.com

# Discord
DOMAIN-SUFFIX,dis.gd 
DOMAIN-SUFFIX,discord.co 
DOMAIN-SUFFIX,discord.com 
DOMAIN-SUFFIX,discord.design 
DOMAIN-SUFFIX,discord.dev 
DOMAIN-SUFFIX,discord.gg 
DOMAIN-SUFFIX,discord.gift 
DOMAIN-SUFFIX,discord.gifts 
DOMAIN-SUFFIX,discord.media 
DOMAIN-SUFFIX,discord.new 
DOMAIN-SUFFIX,discord.store 
DOMAIN-SUFFIX,discord.tools 
DOMAIN-SUFFIX,discordapp.com 
DOMAIN-SUFFIX,discordapp.net 
DOMAIN-SUFFIX,discordmerch.com 
DOMAIN-SUFFIX,discordpartygames.com 
DOMAIN-SUFFIX,discord-activities.com 
DOMAIN-SUFFIX,discordactivities.com 
DOMAIN-SUFFIX,discordsays.com
DOMAIN-SUFFIX,discord-attachments-uploads-prd.storage.googleapis.com

# Porn
DOMAIN-SUFFIX,xvideos.com
DOMAIN-SUFFIX,hqporner.com
DOMAIN-SUFFIX,attachments.f95zone.to
DOMAIN-SUFFIX,reddxxx.com
DOMAIN-SUFFIX,redgifs.com
DOMAIN-SUFFIX,xv-ru.com
DOMAIN-SUFFIX,pornhub.com
DOMAIN-SUFFIX,phncdn.com
DOMAIN-SUFFIX,playboy.com
DOMAIN-SUFFIX,multporn.net
DOMAIN-SUFFIX,rule34.art
DOMAIN-SUFFIX,hentai-foundry.com
DOMAIN-SUFFIX,nhentai.com
