cloudflare-ech.com
cloudflare.com
cdn.cloudflare.net
api.cloudflare.com
one.one.one.one
1dot1dot1dot1.cloudflare-dns.com
cloudflare-dns.com
cloudflareinsights.com
static.cloudflareinsights.com
warp.cloudflare.com
warp.plus.cloudflareclient.com
teams.cloudflare.com
radar.cloudflare.com
speed.cloudflare.com
2ip.ua
myip.com
onlinesim.io
adguard.com
habr.com
kemono.party
kemono.cc
kemono.su
forum.overclockers.ua
ntc.party
proton.me
speeddial2.com
overclockers.ru
simsms.org
greasyfork.org
ggsel.io
srware.net
dnscheck.tools
duckdns.org
dnsleaktest.com

4pda.to
4pda.ru
4pda.ws

cdn-telegram.org
comments.app
contest.com
fragment.com
graph.org
quiz.directory
t.me
tdesktop.com
telega.one
telegra.ph
telegram-cdn.org
telegram.dog
telegram.me
telegram.org
telegram.space
telesco.pe
tg.dev
tx.me
usercontent.dev

openai.com
chat.openai.com
chatgpt.com
oaistatic.com
cdn.oaistatic.com
oaiusercontent.com
platform.openai.com
ios.chat.openai.com

geforcenow.com
gfn.am

vpnlove.me
redshieldvpn.com
psiphon.ca
vpngate.net
mullvad.net
censortracker.org
prostovpn.org
vpngen.org
amnezia.org
cyberghostvpn.com
getoutline.org
vpnpay.io
protonvpn.com

dis.gd 
discord.co 
discord.com 
discord.design 
discord.dev 
discord.gg 
discord.gift 
discord.gifts 
discord.media 
discord.new 
discord.store 
discord.tools 
discordapp.com 
discordapp.net 
discordmerch.com 
discordpartygames.com 
discord-activities.com 
discordactivities.com 
discordsays.com
discord-attachments-uploads-prd.storage.googleapis.com

xvideos.com
hqporner.com
attachments.f95zone.to
reddxxx.com
redgifs.com
xv-ru.com
pornhub.com
phncdn.com
playboy.com
multporn.net
rule34.art
hentai-foundry.com
nhentai.com
