youtube.com
accounts.youtube.com
consent.youtube.com
realtimesupport.youtube.com
i9.ytimg.com
i.yting.com
googlevideo.com
youtu.be
yt.be
ytimg.com
ggpht.com
gvt1.com
youtube.googleapis.com
youtubeembeddedplayer.googleapis.com
youtubei.googleapis.com
i.ytimg.com
yt3.ggpht.com
yt4.ggpht.com
ytimg.l.google.com
nhacmp3youtube.com
jnn-pa.googleapis.com
youtube-nocookie.com
youtube-ui.l.google.com
yt-video-upload.l.google.com
wide-youtube.l.google.com
studio.youtube.com
youtubekids.com
googleapis.com

2ip.io
myip.dk
simsms.org
greasyfork.org

nnmclub.to
nnmstatic.win
filmitorrent.net
fast-torrent.club
kinozal.guru
kinozal.tv
cnd2exp.online
torrentgalaxy.to
rutor.org
rutor.info
cdnbunny.org
pornolab.net
rutracker.org
rutracker.cc
rutracker.net
static.rutracker.cc
tapochek.net
rustorka.com
cloudflare-ech.com

hdrezka.ag
hdrezka.ac
hdrezka.me
hdrezka.tv
hdrezka.cc
hdrezka.co
hdrezka.es
hd-rezka.cc
static.hdrezka.ac
voidboost.cc
stream.voidboost.cc
rezka.ag
rezka.my
rezka.cc
rezkify.com
kinopub.me
rezkery.com
rezkify.com

ads-twitter.com
cms-twdigitalassets.com
periscope.tv
pscp.tv
t.co
tellapart.com
tweetdeck.com
twimg.com
twitpic.com
twitter.biz
twitter.com
twitter.jp
twitter.map.fastly.net
twittercommunity.com
twitterflightschool.com
twitterinc.com
twitteroauth.com
twitterstat.us
twtrdns.net
twttr.com
twttr.net
twvid.com
vine.co
x.com
